// Jest Snapshot v1, https://goo.gl/fbAQLP

exports[`Customers renders correctly 1`] = `
ShallowWrapper {
  Symbol(enzyme.__root__): [Circular],
  Symbol(enzyme.__unrendered__): <Customers />,
  Symbol(enzyme.__renderer__): Object {
    "batchedUpdates": [Function],
    "getNode": [Function],
    "render": [Function],
    "simulateError": [Function],
    "simulateEvent": [Function],
    "unmount": [Function],
  },
  Symbol(enzyme.__node__): Object {
    "instance": null,
    "key": "1",
    "nodeType": "function",
    "props": Object {
      "config": Object {
        "details": "You have 30 customers in last 30 days.",
        "id": 1,
        "pinned": true,
        "title": "Total Customers in November?",
      },
    },
    "ref": null,
    "rendered": null,
    "type": [Function],
  },
  Symbol(enzyme.__nodes__): Array [
    Object {
      "instance": null,
      "key": "1",
      "nodeType": "function",
      "props": Object {
        "config": Object {
          "details": "You have 30 customers in last 30 days.",
          "id": 1,
          "pinned": true,
          "title": "Total Customers in November?",
        },
      },
      "ref": null,
      "rendered": null,
      "type": [Function],
    },
    Object {
      "instance": null,
      "key": "2",
      "nodeType": "function",
      "props": Object {
        "config": Object {
          "details": "You have 5 customers in this week.",
          "id": 2,
          "pinned": true,
          "title": "Total Customers this week",
        },
      },
      "ref": null,
      "rendered": null,
      "type": [Function],
    },
  ],
  Symbol(enzyme.__options__): Object {
    "adapter": ReactSixteenAdapter {
      "options": Object {
        "enableComponentDidUpdateOnSetState": true,
        "lifecycles": Object {
          "componentDidUpdate": Object {
            "onSetState": true,
          },
          "getDerivedStateFromProps": true,
          "getSnapshotBeforeUpdate": true,
          "setState": Object {
            "skipsComponentDidUpdateOnNullish": true,
          },
        },
      },
    },
  },
}
`;
