// Jest Snapshot v1, https://goo.gl/fbAQLP

exports[`MenuList renders correctly 1`] = `
ShallowWrapper {
  Symbol(enzyme.__root__): [Circular],
  Symbol(enzyme.__unrendered__): <MenuList
    menuConfig={
      Array [
        Object {
          "component": "Sales",
          "id": 1,
          "route": "/sales",
          "showDivider": true,
          "subTitle": "Insights about Sales",
          "title": "Sales",
        },
        Object {
          "component": "Customers",
          "id": 2,
          "route": "/customers",
          "showDivider": true,
          "subTitle": "Insights about Customers",
          "title": "Customers",
        },
        Object {
          "component": null,
          "id": 3,
          "route": "/#",
          "showDivider": true,
          "subTitle": "Daily summary of your business",
          "title": "Bulletin",
        },
        Object {
          "component": null,
          "id": 4,
          "route": "/#",
          "showDivider": true,
          "subTitle": "Ask a question",
          "title": "Ask",
        },
        Object {
          "component": null,
          "id": 5,
          "route": "/#",
          "showDivider": true,
          "subTitle": "Tools for your business",
          "title": "Task",
        },
        Object {
          "component": null,
          "id": 6,
          "route": "/#",
          "showDivider": false,
          "subTitle": "Connect Us",
          "title": "Connect",
        },
      ]
    }
  />,
  Symbol(enzyme.__renderer__): Object {
    "batchedUpdates": [Function],
    "getNode": [Function],
    "render": [Function],
    "simulateError": [Function],
    "simulateEvent": [Function],
    "unmount": [Function],
  },
  Symbol(enzyme.__node__): Object {
    "instance": null,
    "key": undefined,
    "nodeType": "class",
    "props": Object {
      "children": Array [
        <WithStyles(ListItem)>
          <ListItemLink
            divider={true}
            href="/sales"
            title="Sales"
          >
            <h2
              className="title"
            >
              Sales
            </h2>
            <p
              className="description"
            >
              Insights about Sales
            </p>
          </ListItemLink>
        </WithStyles(ListItem)>,
        <WithStyles(ListItem)>
          <ListItemLink
            divider={true}
            href="/customers"
            title="Customers"
          >
            <h2
              className="title"
            >
              Customers
            </h2>
            <p
              className="description"
            >
              Insights about Customers
            </p>
          </ListItemLink>
        </WithStyles(ListItem)>,
        <WithStyles(ListItem)>
          <ListItemLink
            divider={true}
            href="/#"
            title="Bulletin"
          >
            <h2
              className="title"
            >
              Bulletin
            </h2>
            <p
              className="description"
            >
              Daily summary of your business
            </p>
          </ListItemLink>
        </WithStyles(ListItem)>,
        <WithStyles(ListItem)>
          <ListItemLink
            divider={true}
            href="/#"
            title="Ask"
          >
            <h2
              className="title"
            >
              Ask
            </h2>
            <p
              className="description"
            >
              Ask a question
            </p>
          </ListItemLink>
        </WithStyles(ListItem)>,
        <WithStyles(ListItem)>
          <ListItemLink
            divider={true}
            href="/#"
            title="Task"
          >
            <h2
              className="title"
            >
              Task
            </h2>
            <p
              className="description"
            >
              Tools for your business
            </p>
          </ListItemLink>
        </WithStyles(ListItem)>,
        <WithStyles(ListItem)>
          <ListItemLink
            divider={false}
            href="/#"
            title="Connect"
          >
            <h2
              className="title"
            >
              Connect
            </h2>
            <p
              className="description"
            >
              Connect Us
            </p>
          </ListItemLink>
        </WithStyles(ListItem)>,
      ],
      "className": "menu-list",
    },
    "ref": null,
    "rendered": Array [
      Object {
        "instance": null,
        "key": "1",
        "nodeType": "class",
        "props": Object {
          "children": <ListItemLink
            divider={true}
            href="/sales"
            title="Sales"
          >
            <h2
              className="title"
            >
              Sales
            </h2>
            <p
              className="description"
            >
              Insights about Sales
            </p>
          </ListItemLink>,
        },
        "ref": null,
        "rendered": Object {
          "instance": null,
          "key": undefined,
          "nodeType": "function",
          "props": Object {
            "children": Array [
              <h2
                className="title"
              >
                Sales
              </h2>,
              <p
                className="description"
              >
                Insights about Sales
              </p>,
            ],
            "divider": true,
            "href": "/sales",
            "title": "Sales",
          },
          "ref": null,
          "rendered": Array [
            Object {
              "instance": null,
              "key": undefined,
              "nodeType": "host",
              "props": Object {
                "children": "Sales",
                "className": "title",
              },
              "ref": null,
              "rendered": "Sales",
              "type": "h2",
            },
            Object {
              "instance": null,
              "key": undefined,
              "nodeType": "host",
              "props": Object {
                "children": "Insights about Sales",
                "className": "description",
              },
              "ref": null,
              "rendered": "Insights about Sales",
              "type": "p",
            },
          ],
          "type": [Function],
        },
        "type": [Function],
      },
      Object {
        "instance": null,
        "key": "2",
        "nodeType": "class",
        "props": Object {
          "children": <ListItemLink
            divider={true}
            href="/customers"
            title="Customers"
          >
            <h2
              className="title"
            >
              Customers
            </h2>
            <p
              className="description"
            >
              Insights about Customers
            </p>
          </ListItemLink>,
        },
        "ref": null,
        "rendered": Object {
          "instance": null,
          "key": undefined,
          "nodeType": "function",
          "props": Object {
            "children": Array [
              <h2
                className="title"
              >
                Customers
              </h2>,
              <p
                className="description"
              >
                Insights about Customers
              </p>,
            ],
            "divider": true,
            "href": "/customers",
            "title": "Customers",
          },
          "ref": null,
          "rendered": Array [
            Object {
              "instance": null,
              "key": undefined,
              "nodeType": "host",
              "props": Object {
                "children": "Customers",
                "className": "title",
              },
              "ref": null,
              "rendered": "Customers",
              "type": "h2",
            },
            Object {
              "instance": null,
              "key": undefined,
              "nodeType": "host",
              "props": Object {
                "children": "Insights about Customers",
                "className": "description",
              },
              "ref": null,
              "rendered": "Insights about Customers",
              "type": "p",
            },
          ],
          "type": [Function],
        },
        "type": [Function],
      },
      Object {
        "instance": null,
        "key": "3",
        "nodeType": "class",
        "props": Object {
          "children": <ListItemLink
            divider={true}
            href="/#"
            title="Bulletin"
          >
            <h2
              className="title"
            >
              Bulletin
            </h2>
            <p
              className="description"
            >
              Daily summary of your business
            </p>
          </ListItemLink>,
        },
        "ref": null,
        "rendered": Object {
          "instance": null,
          "key": undefined,
          "nodeType": "function",
          "props": Object {
            "children": Array [
              <h2
                className="title"
              >
                Bulletin
              </h2>,
              <p
                className="description"
              >
                Daily summary of your business
              </p>,
            ],
            "divider": true,
            "href": "/#",
            "title": "Bulletin",
          },
          "ref": null,
          "rendered": Array [
            Object {
              "instance": null,
              "key": undefined,
              "nodeType": "host",
              "props": Object {
                "children": "Bulletin",
                "className": "title",
              },
              "ref": null,
              "rendered": "Bulletin",
              "type": "h2",
            },
            Object {
              "instance": null,
              "key": undefined,
              "nodeType": "host",
              "props": Object {
                "children": "Daily summary of your business",
                "className": "description",
              },
              "ref": null,
              "rendered": "Daily summary of your business",
              "type": "p",
            },
          ],
          "type": [Function],
        },
        "type": [Function],
      },
      Object {
        "instance": null,
        "key": "4",
        "nodeType": "class",
        "props": Object {
          "children": <ListItemLink
            divider={true}
            href="/#"
            title="Ask"
          >
            <h2
              className="title"
            >
              Ask
            </h2>
            <p
              className="description"
            >
              Ask a question
            </p>
          </ListItemLink>,
        },
        "ref": null,
        "rendered": Object {
          "instance": null,
          "key": undefined,
          "nodeType": "function",
          "props": Object {
            "children": Array [
              <h2
                className="title"
              >
                Ask
              </h2>,
              <p
                className="description"
              >
                Ask a question
              </p>,
            ],
            "divider": true,
            "href": "/#",
            "title": "Ask",
          },
          "ref": null,
          "rendered": Array [
            Object {
              "instance": null,
              "key": undefined,
              "nodeType": "host",
              "props": Object {
                "children": "Ask",
                "className": "title",
              },
              "ref": null,
              "rendered": "Ask",
              "type": "h2",
            },
            Object {
              "instance": null,
              "key": undefined,
              "nodeType": "host",
              "props": Object {
                "children": "Ask a question",
                "className": "description",
              },
              "ref": null,
              "rendered": "Ask a question",
              "type": "p",
            },
          ],
          "type": [Function],
        },
        "type": [Function],
      },
      Object {
        "instance": null,
        "key": "5",
        "nodeType": "class",
        "props": Object {
          "children": <ListItemLink
            divider={true}
            href="/#"
            title="Task"
          >
            <h2
              className="title"
            >
              Task
            </h2>
            <p
              className="description"
            >
              Tools for your business
            </p>
          </ListItemLink>,
        },
        "ref": null,
        "rendered": Object {
          "instance": null,
          "key": undefined,
          "nodeType": "function",
          "props": Object {
            "children": Array [
              <h2
                className="title"
              >
                Task
              </h2>,
              <p
                className="description"
              >
                Tools for your business
              </p>,
            ],
            "divider": true,
            "href": "/#",
            "title": "Task",
          },
          "ref": null,
          "rendered": Array [
            Object {
              "instance": null,
              "key": undefined,
              "nodeType": "host",
              "props": Object {
                "children": "Task",
                "className": "title",
              },
              "ref": null,
              "rendered": "Task",
              "type": "h2",
            },
            Object {
              "instance": null,
              "key": undefined,
              "nodeType": "host",
              "props": Object {
                "children": "Tools for your business",
                "className": "description",
              },
              "ref": null,
              "rendered": "Tools for your business",
              "type": "p",
            },
          ],
          "type": [Function],
        },
        "type": [Function],
      },
      Object {
        "instance": null,
        "key": "6",
        "nodeType": "class",
        "props": Object {
          "children": <ListItemLink
            divider={false}
            href="/#"
            title="Connect"
          >
            <h2
              className="title"
            >
              Connect
            </h2>
            <p
              className="description"
            >
              Connect Us
            </p>
          </ListItemLink>,
        },
        "ref": null,
        "rendered": Object {
          "instance": null,
          "key": undefined,
          "nodeType": "function",
          "props": Object {
            "children": Array [
              <h2
                className="title"
              >
                Connect
              </h2>,
              <p
                className="description"
              >
                Connect Us
              </p>,
            ],
            "divider": false,
            "href": "/#",
            "title": "Connect",
          },
          "ref": null,
          "rendered": Array [
            Object {
              "instance": null,
              "key": undefined,
              "nodeType": "host",
              "props": Object {
                "children": "Connect",
                "className": "title",
              },
              "ref": null,
              "rendered": "Connect",
              "type": "h2",
            },
            Object {
              "instance": null,
              "key": undefined,
              "nodeType": "host",
              "props": Object {
                "children": "Connect Us",
                "className": "description",
              },
              "ref": null,
              "rendered": "Connect Us",
              "type": "p",
            },
          ],
          "type": [Function],
        },
        "type": [Function],
      },
    ],
    "type": [Function],
  },
  Symbol(enzyme.__nodes__): Array [
    Object {
      "instance": null,
      "key": undefined,
      "nodeType": "class",
      "props": Object {
        "children": Array [
          <WithStyles(ListItem)>
            <ListItemLink
              divider={true}
              href="/sales"
              title="Sales"
            >
              <h2
                className="title"
              >
                Sales
              </h2>
              <p
                className="description"
              >
                Insights about Sales
              </p>
            </ListItemLink>
          </WithStyles(ListItem)>,
          <WithStyles(ListItem)>
            <ListItemLink
              divider={true}
              href="/customers"
              title="Customers"
            >
              <h2
                className="title"
              >
                Customers
              </h2>
              <p
                className="description"
              >
                Insights about Customers
              </p>
            </ListItemLink>
          </WithStyles(ListItem)>,
          <WithStyles(ListItem)>
            <ListItemLink
              divider={true}
              href="/#"
              title="Bulletin"
            >
              <h2
                className="title"
              >
                Bulletin
              </h2>
              <p
                className="description"
              >
                Daily summary of your business
              </p>
            </ListItemLink>
          </WithStyles(ListItem)>,
          <WithStyles(ListItem)>
            <ListItemLink
              divider={true}
              href="/#"
              title="Ask"
            >
              <h2
                className="title"
              >
                Ask
              </h2>
              <p
                className="description"
              >
                Ask a question
              </p>
            </ListItemLink>
          </WithStyles(ListItem)>,
          <WithStyles(ListItem)>
            <ListItemLink
              divider={true}
              href="/#"
              title="Task"
            >
              <h2
                className="title"
              >
                Task
              </h2>
              <p
                className="description"
              >
                Tools for your business
              </p>
            </ListItemLink>
          </WithStyles(ListItem)>,
          <WithStyles(ListItem)>
            <ListItemLink
              divider={false}
              href="/#"
              title="Connect"
            >
              <h2
                className="title"
              >
                Connect
              </h2>
              <p
                className="description"
              >
                Connect Us
              </p>
            </ListItemLink>
          </WithStyles(ListItem)>,
        ],
        "className": "menu-list",
      },
      "ref": null,
      "rendered": Array [
        Object {
          "instance": null,
          "key": "1",
          "nodeType": "class",
          "props": Object {
            "children": <ListItemLink
              divider={true}
              href="/sales"
              title="Sales"
            >
              <h2
                className="title"
              >
                Sales
              </h2>
              <p
                className="description"
              >
                Insights about Sales
              </p>
            </ListItemLink>,
          },
          "ref": null,
          "rendered": Object {
            "instance": null,
            "key": undefined,
            "nodeType": "function",
            "props": Object {
              "children": Array [
                <h2
                  className="title"
                >
                  Sales
                </h2>,
                <p
                  className="description"
                >
                  Insights about Sales
                </p>,
              ],
              "divider": true,
              "href": "/sales",
              "title": "Sales",
            },
            "ref": null,
            "rendered": Array [
              Object {
                "instance": null,
                "key": undefined,
                "nodeType": "host",
                "props": Object {
                  "children": "Sales",
                  "className": "title",
                },
                "ref": null,
                "rendered": "Sales",
                "type": "h2",
              },
              Object {
                "instance": null,
                "key": undefined,
                "nodeType": "host",
                "props": Object {
                  "children": "Insights about Sales",
                  "className": "description",
                },
                "ref": null,
                "rendered": "Insights about Sales",
                "type": "p",
              },
            ],
            "type": [Function],
          },
          "type": [Function],
        },
        Object {
          "instance": null,
          "key": "2",
          "nodeType": "class",
          "props": Object {
            "children": <ListItemLink
              divider={true}
              href="/customers"
              title="Customers"
            >
              <h2
                className="title"
              >
                Customers
              </h2>
              <p
                className="description"
              >
                Insights about Customers
              </p>
            </ListItemLink>,
          },
          "ref": null,
          "rendered": Object {
            "instance": null,
            "key": undefined,
            "nodeType": "function",
            "props": Object {
              "children": Array [
                <h2
                  className="title"
                >
                  Customers
                </h2>,
                <p
                  className="description"
                >
                  Insights about Customers
                </p>,
              ],
              "divider": true,
              "href": "/customers",
              "title": "Customers",
            },
            "ref": null,
            "rendered": Array [
              Object {
                "instance": null,
                "key": undefined,
                "nodeType": "host",
                "props": Object {
                  "children": "Customers",
                  "className": "title",
                },
                "ref": null,
                "rendered": "Customers",
                "type": "h2",
              },
              Object {
                "instance": null,
                "key": undefined,
                "nodeType": "host",
                "props": Object {
                  "children": "Insights about Customers",
                  "className": "description",
                },
                "ref": null,
                "rendered": "Insights about Customers",
                "type": "p",
              },
            ],
            "type": [Function],
          },
          "type": [Function],
        },
        Object {
          "instance": null,
          "key": "3",
          "nodeType": "class",
          "props": Object {
            "children": <ListItemLink
              divider={true}
              href="/#"
              title="Bulletin"
            >
              <h2
                className="title"
              >
                Bulletin
              </h2>
              <p
                className="description"
              >
                Daily summary of your business
              </p>
            </ListItemLink>,
          },
          "ref": null,
          "rendered": Object {
            "instance": null,
            "key": undefined,
            "nodeType": "function",
            "props": Object {
              "children": Array [
                <h2
                  className="title"
                >
                  Bulletin
                </h2>,
                <p
                  className="description"
                >
                  Daily summary of your business
                </p>,
              ],
              "divider": true,
              "href": "/#",
              "title": "Bulletin",
            },
            "ref": null,
            "rendered": Array [
              Object {
                "instance": null,
                "key": undefined,
                "nodeType": "host",
                "props": Object {
                  "children": "Bulletin",
                  "className": "title",
                },
                "ref": null,
                "rendered": "Bulletin",
                "type": "h2",
              },
              Object {
                "instance": null,
                "key": undefined,
                "nodeType": "host",
                "props": Object {
                  "children": "Daily summary of your business",
                  "className": "description",
                },
                "ref": null,
                "rendered": "Daily summary of your business",
                "type": "p",
              },
            ],
            "type": [Function],
          },
          "type": [Function],
        },
        Object {
          "instance": null,
          "key": "4",
          "nodeType": "class",
          "props": Object {
            "children": <ListItemLink
              divider={true}
              href="/#"
              title="Ask"
            >
              <h2
                className="title"
              >
                Ask
              </h2>
              <p
                className="description"
              >
                Ask a question
              </p>
            </ListItemLink>,
          },
          "ref": null,
          "rendered": Object {
            "instance": null,
            "key": undefined,
            "nodeType": "function",
            "props": Object {
              "children": Array [
                <h2
                  className="title"
                >
                  Ask
                </h2>,
                <p
                  className="description"
                >
                  Ask a question
                </p>,
              ],
              "divider": true,
              "href": "/#",
              "title": "Ask",
            },
            "ref": null,
            "rendered": Array [
              Object {
                "instance": null,
                "key": undefined,
                "nodeType": "host",
                "props": Object {
                  "children": "Ask",
                  "className": "title",
                },
                "ref": null,
                "rendered": "Ask",
                "type": "h2",
              },
              Object {
                "instance": null,
                "key": undefined,
                "nodeType": "host",
                "props": Object {
                  "children": "Ask a question",
                  "className": "description",
                },
                "ref": null,
                "rendered": "Ask a question",
                "type": "p",
              },
            ],
            "type": [Function],
          },
          "type": [Function],
        },
        Object {
          "instance": null,
          "key": "5",
          "nodeType": "class",
          "props": Object {
            "children": <ListItemLink
              divider={true}
              href="/#"
              title="Task"
            >
              <h2
                className="title"
              >
                Task
              </h2>
              <p
                className="description"
              >
                Tools for your business
              </p>
            </ListItemLink>,
          },
          "ref": null,
          "rendered": Object {
            "instance": null,
            "key": undefined,
            "nodeType": "function",
            "props": Object {
              "children": Array [
                <h2
                  className="title"
                >
                  Task
                </h2>,
                <p
                  className="description"
                >
                  Tools for your business
                </p>,
              ],
              "divider": true,
              "href": "/#",
              "title": "Task",
            },
            "ref": null,
            "rendered": Array [
              Object {
                "instance": null,
                "key": undefined,
                "nodeType": "host",
                "props": Object {
                  "children": "Task",
                  "className": "title",
                },
                "ref": null,
                "rendered": "Task",
                "type": "h2",
              },
              Object {
                "instance": null,
                "key": undefined,
                "nodeType": "host",
                "props": Object {
                  "children": "Tools for your business",
                  "className": "description",
                },
                "ref": null,
                "rendered": "Tools for your business",
                "type": "p",
              },
            ],
            "type": [Function],
          },
          "type": [Function],
        },
        Object {
          "instance": null,
          "key": "6",
          "nodeType": "class",
          "props": Object {
            "children": <ListItemLink
              divider={false}
              href="/#"
              title="Connect"
            >
              <h2
                className="title"
              >
                Connect
              </h2>
              <p
                className="description"
              >
                Connect Us
              </p>
            </ListItemLink>,
          },
          "ref": null,
          "rendered": Object {
            "instance": null,
            "key": undefined,
            "nodeType": "function",
            "props": Object {
              "children": Array [
                <h2
                  className="title"
                >
                  Connect
                </h2>,
                <p
                  className="description"
                >
                  Connect Us
                </p>,
              ],
              "divider": false,
              "href": "/#",
              "title": "Connect",
            },
            "ref": null,
            "rendered": Array [
              Object {
                "instance": null,
                "key": undefined,
                "nodeType": "host",
                "props": Object {
                  "children": "Connect",
                  "className": "title",
                },
                "ref": null,
                "rendered": "Connect",
                "type": "h2",
              },
              Object {
                "instance": null,
                "key": undefined,
                "nodeType": "host",
                "props": Object {
                  "children": "Connect Us",
                  "className": "description",
                },
                "ref": null,
                "rendered": "Connect Us",
                "type": "p",
              },
            ],
            "type": [Function],
          },
          "type": [Function],
        },
      ],
      "type": [Function],
    },
  ],
  Symbol(enzyme.__options__): Object {
    "adapter": ReactSixteenAdapter {
      "options": Object {
        "enableComponentDidUpdateOnSetState": true,
        "lifecycles": Object {
          "componentDidUpdate": Object {
            "onSetState": true,
          },
          "getDerivedStateFromProps": true,
          "getSnapshotBeforeUpdate": true,
          "setState": Object {
            "skipsComponentDidUpdateOnNullish": true,
          },
        },
      },
    },
  },
}
`;
